// Jest Snapshot v1, https://goo.gl/fbAQLP

exports[`Error404 should match the snapshot 1`] = `
<div
  className="Error404"
>
  <h1>
    No recipe found
  </h1>
  <img
    alt="Empty recipe book and measuring cups"
    className="Error404--img"
    src="kara-eads-unsplash.jpg"
  />
  <p
    className="Error404--p--credit"
  >
    Photo by Kara Eads on Unsplash
  </p>
</div>
`;
